// Jest Snapshot v1, https://goo.gl/fbAQLP

exports[`This suite is to test highlight functions should return correctly highlighted text with class 'highlight' 1`] = `
<DocumentFragment>
  <span>
    <div
      style="display: inline;"
    >
      <span
        class="highlight"
      >
        test
      </span>
    </div>
    <div
      style="display: inline;"
    >
      <span>
         this would highlight everything related to 
      </span>
      <span
        class="highlight"
      >
        test
      </span>
    </div>
    <div
      style="display: inline;"
    >
      <span>
        .... 
      </span>
      <span
        class="highlight"
      >
        test
      </span>
    </div>
    <span>
      ?
    </span>
  </span>
</DocumentFragment>
`;
